https://rubyonrails.org/category/news
https://www.gitpod.io/changelog
https://insomnia.rest/changelog
https://docs.cypress.io/guides/references/changelog
